Running 20 representative traces (8 parallel jobs)...
  done: 554-roms-1_62613
  done: 508-namd-1_126793
  done: 505-mcf-1_14364
  done: llvm-2.25945_0
  done: gcc-1.52513_0
  done: 548-exchange2-1_207156
  done: java16-specjbb-64k-ir1000.19011_0
  done: 531-deepsjeng-1_53703
  done: dcapo-kafka-jdk8.524_0
  done: 502-gcc-all_16112
  done: zstd-1.19139_0
  done: rsbench-1.730_0
  done: sampleflow-1.127768_0
  done: nodejs-octane_3483
  done: nodejs-http2_4818
  done: gap-sssp-usroad.287_0
  done: lua-3.25585_0
  done: web_130
  done: web_74
  done: python3-pyperf-dulwich.2000_0

=== Quick Eval: 20/20 traces completed ===

Trace                                             MPKI  EPI(fJ)    P2lat  IPC_cbp
-----                                             ----  -------    -----  -------
502-gcc-all_16112                               14.614     3881 0.993333    6.600
505-mcf-1_14364                                 17.154     1811 0.993333   12.591
508-namd-1_126793                                4.905     1115 0.993333   16.131
531-deepsjeng-1_53703                           11.841     1986 0.993333   12.315
548-exchange2-1_207156                           4.885     2007 0.993333   12.134
554-roms-1_62613                                 0.191      439 0.993333    8.099
dcapo-kafka-jdk8.524_0                           4.277     2364 0.993333    7.977
gap-sssp-usroad.287_0                           31.613     2054 0.993333    9.952
gcc-1.52513_0                                   10.943     3760 0.993333    6.833
java16-specjbb-64k-ir1000.19011_0                4.001     2342 0.993333    9.848
llvm-2.25945_0                                   8.681     3519 0.993333    7.387
lua-3.25585_0                                    2.164     3624 0.993333    6.848
nodejs-http2_4818                                7.158     3329 0.993333    7.177
nodejs-octane_3483                               6.049     3468 0.993333    6.699
python3-pyperf-dulwich.2000_0                    3.719     3182 0.993333    7.421
rsbench-1.730_0                                 40.650     3549 0.993333    6.222
sampleflow-1.127768_0                            3.321     2681 0.993333    8.042
web_130                                          4.893     3083 0.993333    7.756
web_74                                           5.147     3095 0.993333    7.376
zstd-1.19139_0                                   7.511     1390 0.993333   12.042

=== Aggregate (20 traces) ===
  IPC_cbp:  8.364234
  CPI_cbp:  0.087174
  EPI(fJ):  2633.950000
  MPI:      0.009686
  VFS:      0.873851

Full results in: out/ipc_cap_sweep/w512_m2/
To run ALL 168 traces: mkdir -p out/full && ./run_all ./build/cbp-cap-w512_m2 ./traces out/full
